------------------------------------------------------------
Timing Analyzer Summary
------------------------------------------------------------

Type  : Slow 1200mV 85C Model Setup 'Reloj'
Slack : -2.045
TNS   : -36.049

Type  : Slow 1200mV 85C Model Setup 'Div_Frec:DivisorFrecuencia|Salida'
Slack : -1.054
TNS   : -5.729

Type  : Slow 1200mV 85C Model Hold 'Reloj'
Slack : 0.406
TNS   : 0.000

Type  : Slow 1200mV 85C Model Hold 'Div_Frec:DivisorFrecuencia|Salida'
Slack : 0.407
TNS   : 0.000

Type  : Slow 1200mV 85C Model Minimum Pulse Width 'Reloj'
Slack : -3.000
TNS   : -37.695

Type  : Slow 1200mV 85C Model Minimum Pulse Width 'Div_Frec:DivisorFrecuencia|Salida'
Slack : -1.285
TNS   : -10.280

Type  : Slow 1200mV 0C Model Setup 'Reloj'
Slack : -1.732
TNS   : -29.506

Type  : Slow 1200mV 0C Model Setup 'Div_Frec:DivisorFrecuencia|Salida'
Slack : -0.874
TNS   : -4.487

Type  : Slow 1200mV 0C Model Hold 'Reloj'
Slack : 0.364
TNS   : 0.000

Type  : Slow 1200mV 0C Model Hold 'Div_Frec:DivisorFrecuencia|Salida'
Slack : 0.365
TNS   : 0.000

Type  : Slow 1200mV 0C Model Minimum Pulse Width 'Reloj'
Slack : -3.000
TNS   : -37.695

Type  : Slow 1200mV 0C Model Minimum Pulse Width 'Div_Frec:DivisorFrecuencia|Salida'
Slack : -1.285
TNS   : -10.280

Type  : Fast 1200mV 0C Model Setup 'Reloj'
Slack : -0.485
TNS   : -4.928

Type  : Fast 1200mV 0C Model Setup 'Div_Frec:DivisorFrecuencia|Salida'
Slack : 0.021
TNS   : 0.000

Type  : Fast 1200mV 0C Model Hold 'Reloj'
Slack : 0.183
TNS   : 0.000

Type  : Fast 1200mV 0C Model Hold 'Div_Frec:DivisorFrecuencia|Salida'
Slack : 0.187
TNS   : 0.000

Type  : Fast 1200mV 0C Model Minimum Pulse Width 'Reloj'
Slack : -3.000
TNS   : -31.875

Type  : Fast 1200mV 0C Model Minimum Pulse Width 'Div_Frec:DivisorFrecuencia|Salida'
Slack : -1.000
TNS   : -8.000

------------------------------------------------------------
